[ascentmarkets.com/index.html]
[backblue.gif]
[fade.gif]
[index.html]
[ascentmarkets.com/wp-content/themes/astra/assets/css/minified/main.min0527.css]
[ascentmarkets.com/comments/feed/index.html]
[ascentmarkets.com/feed/index.html]
[ascentmarkets.com/wp-includes/css/dist/block-library/style.minf658.css]
[ascentmarkets.com/wp-includes/css/dist/components/style.minf658.css]
[ascentmarkets.com/wp-includes/css/dist/block-editor/style.minf658.css]
[ascentmarkets.com/wp-includes/css/dist/nux/style.minf658.css]
[ascentmarkets.com/wp-includes/css/dist/reusable-blocks/style.minf658.css]
[ascentmarkets.com/wp-includes/css/dist/editor/style.minf658.css]
[ascentmarkets.com/wp-content/plugins/builder-responsive-pricing-tables/assets/css/pricing-tablesf658.css]
[ascentmarkets.com/wp-content/plugins/cookie-law-info/public/css/cookie-law-info-publicc1b4.css]
[ascentmarkets.com/wp-content/plugins/cookie-law-info/public/css/cookie-law-info-gdprc1b4.css]
[ascentmarkets.com/wp-content/plugins/simple-floating-menu/assets/css/all8a54.css]
[ascentmarkets.com/wp-content/plugins/simple-floating-menu/assets/css/eleganticons8a54.css]
[ascentmarkets.com/wp-content/plugins/simple-floating-menu/assets/css/essential-icon8a54.css]
[ascentmarkets.com/wp-content/plugins/simple-floating-menu/assets/css/icofont8a54.css]
[ascentmarkets.com/wp-content/plugins/simple-floating-menu/assets/css/materialdesignicons8a54.css]
[ascentmarkets.com/wp-content/plugins/simple-floating-menu/assets/css/style8a54.css]
[ascentmarkets.com/wp-content/uploads/astra-addon/astra-addon-61351ffcc657a7-6569775802dd.css]
[ascentmarkets.com/wp-content/plugins/elementor/assets/lib/eicons/css/elementor-icons.minb683.css]
[ascentmarkets.com/wp-content/plugins/elementor/assets/css/frontend.minccfb.css]
[ascentmarkets.com/wp-content/uploads/elementor/css/post-3151e1.css]
[ascentmarkets.com/wp-content/plugins/elementor/assets/lib/eicons/fonts/eicons0b93.eot]
[ascentmarkets.com/wp-content/plugins/elementor-pro/assets/css/frontend.minb186.css]
[ascentmarkets.com/wp-content/plugins/sticky-header-effects-for-elementor/assets/css/she-header-style370e.css]
[ascentmarkets.com/wp-content/uploads/elementor/css/global198e.css]
[ascentmarkets.com/wp-content/uploads/elementor/css/post-625d24.css]
[ascentmarkets.com/wp-content/uploads/elementor/css/post-4915d24.css]
[ascentmarkets.com/wp-content/plugins/massive-cryptocurrency-widgets/assets/public/css/style20f0.css]
[ascentmarkets.com/wp-content/plugins/massive-cryptocurrency-widgets/assets/public/css/selectize.custom20f0.css]
[ascentmarkets.com/wp-content/plugins/massive-cryptocurrency-widgets/assets/public/css/jquery.dataTables.min47e3.css]
[ascentmarkets.com/wp-content/plugins/elementor/assets/lib/font-awesome/css/fontawesome.min52d5.css]
[ascentmarkets.com/wp-content/plugins/elementor/assets/lib/font-awesome/css/solid.min52d5.css]
[ascentmarkets.com/wp-includes/js/jquery/jquery.minaf6c.js]
[ascentmarkets.com/wp-includes/js/jquery/jquery-migrate.mind617.js]
[ascentmarkets.com/wp-content/plugins/cookie-law-info/public/js/cookie-law-info-publicc1b4.js]
[ascentmarkets.com/wp-content/plugins/cookie-law-info/admin/modules/ccpa/assets/js/cookie-law-info-ccpac1b4.js]
[c.mql5.com/js/widgets/calendar/widget1679.js]
[ascentmarkets.com/wp-content/plugins/sticky-header-effects-for-elementor/assets/js/she-header370e.js]
[ascentmarkets.com/wp-json/index.html]
[ascentmarkets.com/wp-json/wp/v2/pages/62.json]
[ascentmarkets.com/wp-includes/wlwmanifest.xml]
[ascentmarkets.com/wp-json/oembed/1.0/embedafdc.json]
[ascentmarkets.com/wp-json/oembed/1.0/embedf3b5]
[ascentmarkets.com/wp-content/uploads/2021/07/cropped-Ascentmarkets-1.png]
[ascentmarkets.com/wp-content/uploads/2021/07/video-dollar.png]
[ascentmarkets.com/trading-products/index.html]
[ascentmarkets.com/cfds/index.html]
[ascentmarkets.com/stocks/index.html]
[ascentmarkets.com/wp-content/uploads/2021/07/btc-bag.png]
[ascentmarkets.com/commodities/index.html]
[ascentmarkets.com/indices/index.html]
[ascentmarkets.com/forex/index.html]
[ascentmarkets.com/wp-content/plugins/massive-cryptocurrency-widgets/assets/public/img/convert.png]
[ascentmarkets.com/account-types/index.html]
[ascentmarkets.com/about-us/index.html]
[ascentmarkets.com/economic-calendar/index.html]
[ascentmarkets.com/daily-analysis-video/index.html]
[ascentmarkets.com/wp-content/uploads/2021/07/first.jpg]
[ascentmarkets.com/wp-content/uploads/2021/07/first_title.png]
[ascentmarkets.com/wp-content/uploads/2021/07/education.png]
[ascentmarkets.com/faqs/index.html]
[ascentmarkets.com/wp-content/uploads/2021/07/comodo.png]
[ascentmarkets.com/financial-news/index.html]
[ascentmarkets.com/wp-content/uploads/2021/07/logo-mastercard-1.png]
[ascentmarkets.com/video-courses/index.html]
[ascentmarkets.com/wp-content/uploads/2021/07/visa.png]
[ascentmarkets.com/cryptocurrency/index.html]
[ascentmarkets.com/wp-content/uploads/2021/07/wiretransfer.png]
[ascentmarkets.com/technical-analysis/index.html]
[ascentmarkets.com/wp-content/uploads/2021/07/paysafecard.png]
[ascentmarkets.com/legal/index.html]
[ascentmarkets.com/ebooks/index.html]
[ascentmarkets.com/glossary/index.html]
[ascentmarkets.com/webinar/index.html]
[ascentmarkets.com/wp-content/uploads/2021/07/neteller.png]
[ascentmarkets.com/wp-content/uploads/2021/07/skrill.png]
[ascentmarkets.com/wp-content/uploads/2021/07/webmoney.png]
[ascentmarkets.com/wp-content/uploads/2021/07/qiwi.png]
[ascentmarkets.com/wp-content/uploads/2021/07/astropay.png]
[ascentmarkets.com/cdn-cgi/l/email-protection.html]
[assets.coingecko.com/coins/images/1/thumb/bitcoin.png]
[assets.coingecko.com/coins/images/279/thumb/ethereum.png]
[assets.coingecko.com/coins/images/44/thumb/xrp-symbol-white-128.png]
[assets.coingecko.com/coins/images/5/thumb/dogecoin.png]
[assets.coingecko.com/coins/images/325/thumb/Tether-logo.png]
[assets.coingecko.com/coins/images/975/thumb/cardano.png]
[assets.coingecko.com/coins/images/2/thumb/litecoin.png]
[assets.coingecko.com/coins/images/780/thumb/bitcoin-cash-circle.png]
[assets.coingecko.com/coins/images/453/thumb/ethereum-classic-logo.png]
[assets.coingecko.com/coins/images/10547/thumb/WazirX.png]
[assets.coingecko.com/coins/images/5328/thumb/G5gCEo-J_400x400.jpg]
[assets.coingecko.com/coins/images/825/thumb/binance-coin-logo.png]
[assets.coingecko.com/coins/images/12171/thumb/aJGBjJFU_400x400.jpg]
[assets.coingecko.com/coins/images/9576/thumb/BUSD.png]
[assets.coingecko.com/coins/images/12504/thumb/uniswap-uni.png]
[assets.coingecko.com/coins/images/877/thumb/chainlink-new-logo.png]
[assets.coingecko.com/coins/images/4713/thumb/matic-token-icon.png]
[assets.coingecko.com/coins/images/100/thumb/Stellar_symbol_black_RGB.png]
[assets.coingecko.com/coins/images/9956/thumb/dai-multi-collateral-mcd.png]
[assets.coingecko.com/coins/images/2538/thumb/theta-token-logo.png]
[assets.coingecko.com/coins/images/14495/thumb/Internet_Computer_logo.png]
[assets.coingecko.com/coins/images/7598/thumb/wrapped_bitcoin_wbtc.png]
[assets.coingecko.com/coins/images/1094/thumb/tron-logo.png]
[assets.coingecko.com/coins/images/738/thumb/eos-eos-logo.png]
[assets.coingecko.com/coins/images/11939/thumb/shiba.png]
[assets.coingecko.com/coins/images/1167/thumb/VeChain-Logo-768x725.png]
[assets.coingecko.com/coins/images/12645/thumb/AAVE.png]
[ascentmarkets.com/wp-content/plugins/cookie-law-info/public/css/cookie-law-info-tablec1b4.css]
[ascentmarkets.com/wp-content/plugins/elementor/assets/lib/animations/animations.minccfb.css]
[ascentmarkets.com/cdn-cgi/scripts/5c5dd728/cloudflare-static/email-decode.min.js]
[ascentmarkets.com/wp-content/themes/astra/assets/js/minified/frontend.min0527.js]
[ascentmarkets.com/wp-content/plugins/simple-floating-menu/assets/js/custom-scripts8a54.js]
[ascentmarkets.com/wp-content/uploads/astra-addon/astra-addon-61351ffcc6a4a0-0869030702dd.js]
[ascentmarkets.com/wp-content/plugins/massive-cryptocurrency-widgets/assets/public/js/socket.io3c94.js]
[ascentmarkets.com/wp-content/plugins/massive-cryptocurrency-widgets/assets/public/js/selectize.min725c.js]
[ascentmarkets.com/wp-content/plugins/massive-cryptocurrency-widgets/assets/public/js/common.min20f0.js]
[ascentmarkets.com/wp-includes/js/wp-embed.minf658.js]
[ascentmarkets.com/wp-includes/js/imagesloaded.mineda1.js]
[ascentmarkets.com/wp-content/plugins/elementor-pro/assets/js/webpack-pro.runtime.minb186.js]
[ascentmarkets.com/wp-content/plugins/elementor/assets/js/webpack.runtime.minccfb.js]
[ascentmarkets.com/wp-content/plugins/elementor/assets/js/frontend-modules.minccfb.js]
[ascentmarkets.com/wp-content/plugins/elementor-pro/assets/js/frontend.minb186.js]
[ascentmarkets.com/wp-content/plugins/elementor/assets/lib/waypoints/waypoints.min05da.js]
[ascentmarkets.com/wp-includes/js/jquery/ui/core.min35d0.js]
[ascentmarkets.com/wp-content/plugins/elementor/assets/lib/swiper/swiper.min48f5.js]
[ascentmarkets.com/wp-content/plugins/elementor/assets/lib/share-link/share-link.minccfb.js]
[ascentmarkets.com/wp-content/plugins/elementor/assets/lib/dialog/dialog.mina288.js]
[ascentmarkets.com/wp-content/plugins/elementor/assets/js/frontend.minccfb.js]
[ascentmarkets.com/wp-content/plugins/elementor-pro/assets/js/preloaded-elements-handlers.minb186.js]
[ascentmarkets.com/wp-content/plugins/elementor/assets/js/preloaded-modules.minccfb.js]
[ascentmarkets.com/index.html]
[ascentmarkets.com/wp-content/themes/astra/assets/css/minified/main.min0527.css]
[ascentmarkets.com/wp-includes/css/dist/block-library/style.minf658.css]
[ascentmarkets.com/wp-includes/css/dist/components/style.minf658.css]
[ascentmarkets.com/wp-includes/css/dist/block-editor/style.minf658.css]
[ascentmarkets.com/wp-includes/css/dist/nux/style.minf658.css]
[ascentmarkets.com/wp-includes/css/dist/reusable-blocks/style.minf658.css]
[ascentmarkets.com/wp-includes/css/dist/editor/style.minf658.css]
[ascentmarkets.com/wp-content/plugins/tradays-economic-calendar/dist/blocks.style.build5152.css]
[ascentmarkets.com/wp-content/plugins/builder-responsive-pricing-tables/assets/css/pricing-tablesf658.css]
[ascentmarkets.com/wp-content/plugins/cookie-law-info/public/css/cookie-law-info-publicc1b4.css]
[ascentmarkets.com/wp-content/plugins/cookie-law-info/public/css/cookie-law-info-gdprc1b4.css]
[ascentmarkets.com/wp-content/plugins/simple-floating-menu/assets/css/all8a54.css]
[ascentmarkets.com/wp-content/plugins/simple-floating-menu/assets/css/eleganticons8a54.css]
[ascentmarkets.com/wp-content/plugins/simple-floating-menu/assets/css/essential-icon8a54.css]
[ascentmarkets.com/wp-content/plugins/simple-floating-menu/assets/css/icofont8a54.css]
[ascentmarkets.com/wp-content/plugins/simple-floating-menu/assets/css/materialdesignicons8a54.css]
[ascentmarkets.com/wp-content/plugins/simple-floating-menu/assets/css/style8a54.css]
[ascentmarkets.com/wp-content/uploads/astra-addon/astra-addon-61351ffcc657a7-6569775802dd.css]
[ascentmarkets.com/wp-content/plugins/elementor/assets/lib/eicons/css/elementor-icons.minb683.css]
[ascentmarkets.com/wp-content/plugins/elementor/assets/css/frontend.minccfb.css]
[ascentmarkets.com/wp-content/uploads/elementor/css/post-3151e1.css]
[ascentmarkets.com/wp-content/plugins/elementor-pro/assets/css/frontend.minb186.css]
[ascentmarkets.com/wp-content/plugins/sticky-header-effects-for-elementor/assets/css/she-header-style370e.css]
[ascentmarkets.com/wp-content/uploads/elementor/css/global198e.css]
[ascentmarkets.com/wp-content/uploads/elementor/css/post-625d24.css]
[ascentmarkets.com/wp-content/uploads/elementor/css/post-4915d24.css]
[ascentmarkets.com/wp-content/plugins/massive-cryptocurrency-widgets/assets/public/css/style20f0.css]
[ascentmarkets.com/wp-content/plugins/massive-cryptocurrency-widgets/assets/public/css/selectize.custom20f0.css]
[ascentmarkets.com/wp-content/plugins/massive-cryptocurrency-widgets/assets/public/css/jquery.dataTables.min47e3.css]
[ascentmarkets.com/wp-content/plugins/elementor/assets/lib/font-awesome/css/fontawesome.min52d5.css]
[ascentmarkets.com/wp-content/plugins/elementor/assets/lib/font-awesome/css/solid.min52d5.css]
[ascentmarkets.com/trading-products/index.html]
[ascentmarkets.com/cfds/index.html]
[ascentmarkets.com/stocks/index.html]
[ascentmarkets.com/commodities/index.html]
[ascentmarkets.com/forex/index.html]
[ascentmarkets.com/indices/index.html]
[ascentmarkets.com/wp-json/wp/v2/pages/60.json]
[ascentmarkets.com/wp-json/oembed/1.0/embedd9d1]
[ascentmarkets.com/wp-content/plugins/builder-responsive-pricing-tables/assets/css/font-awesome.minf658.css]
[ascentmarkets.com/wp-content/plugins/builder-responsive-pricing-tables/assets/css/pt-crpt-extraf658.css]
[ascentmarkets.com/account-types/index.html]
[ascentmarkets.com/wp-content/plugins/builder-responsive-pricing-tables/assets/css/pt-color/crpt-extra/708090f658.css]
[ascentmarkets.com/wp-content/uploads/elementor/css/post-2128b6.css]
[ascentmarkets.com/wp-json/wp/v2/pages/21.json]
[ascentmarkets.com/wp-json/oembed/1.0/embed52e3.json]
[ascentmarkets.com/about-us/index.html]
[ascentmarkets.com/wp-json/oembed/1.0/embed5cdc]
[ascentmarkets.com/wp-content/uploads/elementor/css/post-9162e5.css]
[ascentmarkets.com/wp-json/oembed/1.0/embed0777.json]
[ascentmarkets.com/economic-calendar/index.html]
[ascentmarkets.com/wp-content/uploads/elementor/css/post-94cad8.css]
[ascentmarkets.com/wp-content/plugins/elementor/assets/lib/font-awesome/css/regular.min52d5.css]
[ascentmarkets.com/wp-json/wp/v2/pages/94.json]
[ascentmarkets.com/wp-json/oembed/1.0/embed7d2a.json]
[ascentmarkets.com/daily-analysis-video/index.html]
[ascentmarkets.com/wp-json/oembed/1.0/embed5ca6]
[ascentmarkets.com/wp-content/uploads/essential-addons-elementor/35bcb20ac.min513d.css]
[ascentmarkets.com/wp-content/uploads/elementor/css/post-197806.css]
[ascentmarkets.com/wp-json/wp/v2/pages/19.json]
[ascentmarkets.com/wp-json/oembed/1.0/embedcd67.json]
[ascentmarkets.com/wp-content/plugins/elementor/assets/lib/font-awesome/css/all.min287d.css]
[ascentmarkets.com/wp-content/plugins/elementor/assets/lib/font-awesome/css/v4-shims.min287d.css]
[ascentmarkets.com/wp-content/uploads/essential-addons-elementor/35bcb20ac.min513d.js]
[ascentmarkets.com/faqs/index.html]
[ascentmarkets.com/wp-content/uploads/2021/07/second.jpg]
[ascentmarkets.com/wp-content/uploads/elementor/css/post-522e0d0.css]
[ascentmarkets.com/wp-json/wp/v2/pages/522.json]
[ascentmarkets.com/wp-json/oembed/1.0/embedc5bb.json]
[ascentmarkets.com/financial-news/index.html]
[ascentmarkets.com/wp-json/oembed/1.0/embed2eb9]
[ascentmarkets.com/wp-json/wp/v2/pages/23.json]
[ascentmarkets.com/wp-json/oembed/1.0/embedd2a7.json]
[ascentmarkets.com/video-courses/index.html]
[ascentmarkets.com/wp-json/oembed/1.0/embed7fd8]
[ascentmarkets.com/wp-content/uploads/essential-addons-elementor/734e5f942.minee67.css]
[ascentmarkets.com/wp-json/wp/v2/pages/54.json]
[ascentmarkets.com/wp-json/oembed/1.0/embed6601.json]
[ascentmarkets.com/wp-json/oembed/1.0/embed8344]
[apis.google.com/js/platformee67.js]
[ascentmarkets.com/cryptocurrency/index.html]
[ascentmarkets.com/wp-content/uploads/essential-addons-elementor/734e5f942.minee67.js]
[ascentmarkets.com/wp-json/wp/v2/pages/526.json]
[ascentmarkets.com/wp-json/oembed/1.0/embed6752.json]
[ascentmarkets.com/technical-analysis/index.html]
[ascentmarkets.com/wp-json/oembed/1.0/embed0ac6]
[ascentmarkets.com/wp-content/uploads/elementor/css/post-114a88.css]
[ascentmarkets.com/wp-json/wp/v2/pages/11.json]
[ascentmarkets.com/wp-json/oembed/1.0/embed781b.json]
[ascentmarkets.com/legal/index.html]
[ascentmarkets.com/wp-json/oembed/1.0/embed5710]
[ascentmarkets.com/order-execution-policy/index.html]
[ascentmarkets.com/risk-disclosure/index.html]
[ascentmarkets.com/complaint-handling/index.html]
[ascentmarkets.com/wp-content/uploads/essential-addons-elementor/734e5f942.minb27d.css]
[ascentmarkets.com/conflict-of-interest/index.html]
[ascentmarkets.com/summary-of-important-tc/index.html]
[ascentmarkets.com/wp-json/wp/v2/pages/25.json]
[ascentmarkets.com/kyc-policy/index.html]
[ascentmarkets.com/wp-json/oembed/1.0/embeda6c9.json]
[ascentmarkets.com/privacy-policy/index.html]
[ascentmarkets.com/wp-json/oembed/1.0/embed5920]
[ascentmarkets.com/bonus-terms-and-conditions/index.html]
[ascentmarkets.com/risk-free-trade/index.html]
[apis.google.com/js/platformb27d.js]
[ascentmarkets.com/ebooks/index.html]
[ascentmarkets.com/wp-content/uploads/essential-addons-elementor/734e5f942.minb27d.js]
[ascentmarkets.com/wp-content/uploads/essential-addons-elementor/734e5f942.minb1f6.css]
[ascentmarkets.com/wp-json/wp/v2/pages/29.json]
[ascentmarkets.com/aml-policy/index.html]
[ascentmarkets.com/wp-json/oembed/1.0/embed74d4.json]
[ascentmarkets.com/wp-json/oembed/1.0/embedd1fa]
[apis.google.com/js/platformb1f6.js]
[ascentmarkets.com/glossary/index.html]
[ascentmarkets.com/wp-content/uploads/essential-addons-elementor/734e5f942.minb1f6.js]
[ascentmarkets.com/wp-content/uploads/essential-addons-elementor/734e5f942.mined65.css]
[ascentmarkets.com/wp-json/wp/v2/pages/27.json]
[ascentmarkets.com/wp-json/oembed/1.0/embed9cb2.json]
[ascentmarkets.com/wp-json/oembed/1.0/embed9c83]
[apis.google.com/js/platformed65.js]
[ascentmarkets.com/hot/index.html]
[ascentmarkets.com/webinar/index.html]
[ascentmarkets.com/cdn-cgi/l/email-protection.html]
[ascentmarkets.com/wp-content/uploads/essential-addons-elementor/734e5f942.mined65.js]
[ascentmarkets.com/wp-content/plugins/cookie-law-info/images/td_back.gif]
[ascentmarkets.com/wp-content/plugins/cookie-law-info/public/css/cookie-law-info-tablec1b4.css]
[ascentmarkets.com/wp-content/plugins/elementor/assets/lib/animations/animations.minccfb.css]
[ascentmarkets.com/wp-content/plugins/simple-floating-menu/assets/css/fonts/fontawesome/fa-brands-400.eot]
[ascentmarkets.com/wp-content/plugins/simple-floating-menu/assets/css/fonts/fontawesome/fa-brands-400d41d.eot]
[ascentmarkets.com/wp-content/plugins/simple-floating-menu/assets/css/fonts/fontawesome/fa-brands-400.woff2]
[ascentmarkets.com/wp-content/plugins/simple-floating-menu/assets/css/fonts/fontawesome/fa-brands-400.woff]
[ascentmarkets.com/wp-content/plugins/simple-floating-menu/assets/css/fonts/fontawesome/fa-brands-400.ttf]
[ascentmarkets.com/wp-content/plugins/simple-floating-menu/assets/css/fonts/fontawesome/fa-regular-400.eot]
[ascentmarkets.com/wp-content/plugins/simple-floating-menu/assets/css/fonts/fontawesome/fa-brands-400.svg]
[ascentmarkets.com/wp-content/plugins/simple-floating-menu/assets/css/fonts/fontawesome/fa-regular-400d41d.eot]
[ascentmarkets.com/wp-content/plugins/simple-floating-menu/assets/css/fonts/fontawesome/fa-regular-400.woff]
[ascentmarkets.com/wp-content/plugins/simple-floating-menu/assets/css/fonts/fontawesome/fa-regular-400.ttf]
[ascentmarkets.com/wp-content/plugins/simple-floating-menu/assets/css/fonts/fontawesome/fa-regular-400.svg]
[ascentmarkets.com/wp-content/plugins/simple-floating-menu/assets/css/fonts/fontawesome/fa-solid-900d41d.eot]
[ascentmarkets.com/wp-content/plugins/simple-floating-menu/assets/css/fonts/fontawesome/fa-solid-900.eot]
[ascentmarkets.com/wp-content/plugins/simple-floating-menu/assets/css/fonts/fontawesome/fa-solid-900.woff2]
[ascentmarkets.com/wp-content/plugins/simple-floating-menu/assets/css/fonts/fontawesome/fa-solid-900.woff]
[ascentmarkets.com/wp-content/plugins/simple-floating-menu/assets/css/fonts/fontawesome/fa-solid-900.ttf]
[ascentmarkets.com/wp-content/plugins/simple-floating-menu/assets/css/fonts/fontawesome/fa-solid-900.svg]
[ascentmarkets.com/wp-content/plugins/simple-floating-menu/assets/css/fonts/eleganticons/ElegantIcons.eot]
[ascentmarkets.com/wp-content/plugins/simple-floating-menu/assets/css/fonts/eleganticons/ElegantIcons.woff]
[ascentmarkets.com/wp-content/plugins/simple-floating-menu/assets/css/fonts/eleganticons/ElegantIconsd41d.eot]
[ascentmarkets.com/wp-content/plugins/simple-floating-menu/assets/css/fonts/eleganticons/ElegantIcons.ttf]
[ascentmarkets.com/wp-content/plugins/simple-floating-menu/assets/css/fonts/eleganticons/ElegantIcons.svg]
[ascentmarkets.com/wp-content/plugins/simple-floating-menu/assets/css/fonts/flaticon/Flaticon.eot]
[ascentmarkets.com/wp-content/plugins/simple-floating-menu/assets/css/fonts/flaticon/Flaticond41d.eot]
[ascentmarkets.com/wp-content/plugins/simple-floating-menu/assets/css/fonts/flaticon/Flaticon.woff]
[ascentmarkets.com/wp-content/plugins/simple-floating-menu/assets/css/fonts/materialdesignicons/materialdesignicons-webfontb43a.eot]
[ascentmarkets.com/wp-content/plugins/simple-floating-menu/assets/css/fonts/materialdesignicons/materialdesignicons-webfontb43a.woff2]
[ascentmarkets.com/wp-content/plugins/simple-floating-menu/assets/css/fonts/materialdesignicons/materialdesignicons-webfontd41d.eot]
[ascentmarkets.com/wp-content/plugins/elementor-pro/assets/lib/sticky/jquery.sticky.minb186.js]
[ascentmarkets.com/wp-content/plugins/simple-floating-menu/assets/css/fonts/materialdesignicons/materialdesignicons-webfontb43a.woff]
[ascentmarkets.com/wp-content/plugins/simple-floating-menu/assets/css/fonts/materialdesignicons/materialdesignicons-webfontb43a.ttf]
[ascentmarkets.com/wp-content/plugins/simple-floating-menu/assets/css/fonts/fontawesome/fa-regular-400.woff2]
[ascentmarkets.com/wp-content/plugins/elementor/assets/lib/eicons/fonts/eicons02d6.eot]
[ascentmarkets.com/wp-content/plugins/elementor/assets/lib/eicons/fonts/eicons02d6.woff2]
[ascentmarkets.com/wp-content/plugins/elementor/assets/lib/eicons/fonts/eicons02d6.ttf]
[ascentmarkets.com/wp-content/plugins/elementor/assets/lib/eicons/fonts/eicons02d6.woff]
[ascentmarkets.com/wp-content/plugins/elementor/assets/lib/eicons/fonts/eicons02d6.svg]
[ascentmarkets.com/wp-content/plugins/simple-floating-menu/assets/css/fonts/materialdesignicons/materialdesignicons-webfontb43a.svg]
[ascentmarkets.com/wp-content/plugins/massive-cryptocurrency-widgets/assets/public/fonts/massive-crypto9e36.eot]
[ascentmarkets.com/wp-content/plugins/massive-cryptocurrency-widgets/assets/public/fonts/massive-crypto9e36.svg]
[ascentmarkets.com/wp-content/plugins/massive-cryptocurrency-widgets/assets/public/fonts/massive-crypto9e36.ttf]
[ascentmarkets.com/wp-content/plugins/massive-cryptocurrency-widgets/assets/public/img/sort_both.png]
[ascentmarkets.com/wp-content/plugins/massive-cryptocurrency-widgets/assets/public/fonts/massive-crypto9e36.woff]
[ascentmarkets.com/wp-content/plugins/massive-cryptocurrency-widgets/assets/public/img/sort_asc.png]
[ascentmarkets.com/wp-content/plugins/massive-cryptocurrency-widgets/assets/public/img/sort_desc.png]
[ascentmarkets.com/wp-content/plugins/massive-cryptocurrency-widgets/assets/public/img/sort_asc_dark.png]
[ascentmarkets.com/wp-content/plugins/massive-cryptocurrency-widgets/assets/public/img/sort_both_dark.png]
[ascentmarkets.com/wp-content/plugins/massive-cryptocurrency-widgets/assets/public/img/rss.png]
[ascentmarkets.com/wp-content/plugins/massive-cryptocurrency-widgets/assets/public/img/sort_asc_disabled.png]
[ascentmarkets.com/wp-content/plugins/massive-cryptocurrency-widgets/assets/public/img/sort_desc_disabled.png]
[ascentmarkets.com/wp-content/plugins/elementor/assets/lib/font-awesome/webfonts/fa-solid-900.woff2]
[ascentmarkets.com/wp-content/plugins/elementor/assets/lib/font-awesome/webfonts/fa-solid-900.eot]
[ascentmarkets.com/wp-content/plugins/elementor/assets/lib/font-awesome/webfonts/fa-solid-900.woff]
[ascentmarkets.com/wp-content/plugins/elementor/assets/lib/font-awesome/webfonts/fa-solid-900d41d.eot]
[ascentmarkets.com/wp-content/uploads/elementor/css/post-7174cb.css]
[ascentmarkets.com/wp-content/plugins/elementor/assets/lib/font-awesome/webfonts/fa-solid-900.ttf]
[ascentmarkets.com/wp-content/plugins/elementor/assets/lib/font-awesome/webfonts/fa-solid-900.svg]
[ascentmarkets.com/wp-json/wp/v2/pages/71]
[ascentmarkets.com/wp-json/oembed/1.0/embede0ed]
[ascentmarkets.com/wp-json/oembed/1.0/embed397b]
[ascentmarkets.com/wp-content/uploads/2021/07/commodity-150x150.png]
[ascentmarkets.com/wp-content/plugins/massive-cryptocurrency-widgets/assets/public/img/sort_desc_dark.png]
[ascentmarkets.com/wp-content/uploads/2021/07/exchange-150x150.png]
[ascentmarkets.com/wp-content/uploads/2021/07/financial-profit-150x150.png]
[ascentmarkets.com/wp-content/uploads/elementor/css/post-839de1.css]
[ascentmarkets.com/wp-json/wp/v2/pages/83]
[ascentmarkets.com/wp-content/uploads/2021/07/coin-150x150.png]
[ascentmarkets.com/wp-json/oembed/1.0/embedc4bc]
[ascentmarkets.com/wp-content/uploads/elementor/css/post-46fa21.css]
[ascentmarkets.com/wp-json/oembed/1.0/embed3777]
[ascentmarkets.com/wp-content/uploads/2021/07/indicator-150x150.png]
[ascentmarkets.com/wp-json/wp/v2/pages/46]
[ascentmarkets.com/wp-json/oembed/1.0/embed4f1f]
[ascentmarkets.com/wp-content/uploads/elementor/css/post-50951a.css]
[ascentmarkets.com/wp-json/oembed/1.0/embed4879]
[ascentmarkets.com/wp-json/wp/v2/pages/50]
[ascentmarkets.com/wp-json/oembed/1.0/embed13bc]
[ascentmarkets.com/wp-json/oembed/1.0/embed71ce]
[ascentmarkets.com/wp-content/uploads/elementor/css/post-4873f0.css]
[ascentmarkets.com/wp-json/wp/v2/pages/48]
[ascentmarkets.com/wp-json/oembed/1.0/embed930f]
[ascentmarkets.com/wp-json/oembed/1.0/embed889e]
[ascentmarkets.com/wp-content/uploads/elementor/css/post-527c9a.css]
[ascentmarkets.com/wp-json/wp/v2/pages/52]
[ascentmarkets.com/wp-json/oembed/1.0/embed1ec1]
[ascentmarkets.com/wp-json/oembed/1.0/embedc22d]
[ascentmarkets.com/wp-content/uploads/elementor/css/post-605704.css]
[ascentmarkets.com/wp-json/oembed/1.0/embed5750]
[ascentmarkets.com/wp-content/plugins/builder-responsive-pricing-tables/assets/fonts/font-awesome/fontawesome-webfont3e6e.eot]
[ascentmarkets.com/wp-content/plugins/builder-responsive-pricing-tables/assets/fonts/font-awesome/fontawesome-webfontd41d.eot]
[ascentmarkets.com/wp-content/plugins/builder-responsive-pricing-tables/assets/fonts/font-awesome/fontawesome-webfont3e6e.woff2]
[ascentmarkets.com/wp-content/plugins/builder-responsive-pricing-tables/assets/fonts/font-awesome/fontawesome-webfont3e6e.woff]
[ascentmarkets.com/wp-content/plugins/builder-responsive-pricing-tables/assets/fonts/font-awesome/fontawesome-webfont3e6e.ttf]
[ascentmarkets.com/wp-content/plugins/builder-responsive-pricing-tables/assets/css/font-awesome.minf658.css]
[ascentmarkets.com/wp-content/plugins/builder-responsive-pricing-tables/assets/fonts/font-awesome/fontawesome-webfont3e6e.svg]
[ascentmarkets.com/wp-content/plugins/builder-responsive-pricing-tables/assets/fonts/Montserrat/montserrat-regular-webfont.eot]
[ascentmarkets.com/wp-content/plugins/builder-responsive-pricing-tables/assets/fonts/Montserrat/montserrat-regular-webfontd41d.eot]
[ascentmarkets.com/wp-content/plugins/builder-responsive-pricing-tables/assets/fonts/Montserrat/montserrat-regular-webfont.woff2]
[ascentmarkets.com/wp-content/plugins/builder-responsive-pricing-tables/assets/fonts/Montserrat/montserrat-regular-webfont.woff]
[ascentmarkets.com/wp-content/plugins/builder-responsive-pricing-tables/assets/fonts/Montserrat/montserrat-regular-webfont.ttf]
[ascentmarkets.com/wp-content/plugins/builder-responsive-pricing-tables/assets/fonts/Montserrat/montserrat-regular-webfont.svg]
[ascentmarkets.com/wp-content/plugins/builder-responsive-pricing-tables/assets/fonts/Montserrat/montserrat-light-webfont.eot]
[ascentmarkets.com/wp-content/plugins/builder-responsive-pricing-tables/assets/fonts/Montserrat/montserrat-light-webfontd41d.eot]
[ascentmarkets.com/wp-content/plugins/builder-responsive-pricing-tables/assets/fonts/Montserrat/montserrat-light-webfont.woff2]
[ascentmarkets.com/wp-content/plugins/builder-responsive-pricing-tables/assets/fonts/Montserrat/montserrat-light-webfont.woff]
[ascentmarkets.com/wp-content/plugins/builder-responsive-pricing-tables/assets/fonts/Montserrat/montserrat-light-webfont.ttf]
[ascentmarkets.com/wp-content/plugins/builder-responsive-pricing-tables/assets/css/pt-crpt-extraf658.css]
[ascentmarkets.com/wp-content/plugins/builder-responsive-pricing-tables/assets/css/pt-color/crpt-extra/708090f658.css]
[ascentmarkets.com/wp-content/plugins/builder-responsive-pricing-tables/assets/fonts/Montserrat/montserrat-light-webfont.svg]
[ascentmarkets.com/wp-content/uploads/2021/07/bg-platforms-desktop.jpg]
[ascentmarkets.com/wp-content/uploads/2021/07/about-lobby-bg.jpg]
[ascentmarkets.com/wp-content/uploads/2021/07/bank.jpg]
[ascentmarkets.com/wp-content/uploads/2021/07/support-bg.jpg]
[ascentmarkets.com/wp-content/uploads/2021/07/office-bg.jpg]
[ascentmarkets.com/wp-content/uploads/elementor/css/post-2128b6.css]
[ascentmarkets.com/index3965.html]
[ascentmarkets.com/wp-content/uploads/2021/07/bg-deposit-widthdrawal.jpg]
[ascentmarkets.com/wp-content/uploads/elementor/css/post-9162e5.css]
[ascentmarkets.com/index5cfa.html]
[ascentmarkets.com/wp-content/uploads/elementor/css/post-94cad8.css]
[ascentmarkets.com/wp-content/plugins/elementor/assets/lib/font-awesome/webfonts/fa-regular-400.eot]
[ascentmarkets.com/wp-json/wp/v2/pages/91]
[ascentmarkets.com/wp-content/plugins/elementor/assets/lib/font-awesome/webfonts/fa-regular-400d41d.eot]
[ascentmarkets.com/wp-json/oembed/1.0/embed92a2]
[ascentmarkets.com/wp-content/plugins/elementor/assets/lib/font-awesome/webfonts/fa-regular-400.woff2]
[ascentmarkets.com/wp-content/plugins/elementor/assets/lib/font-awesome/webfonts/fa-regular-400.woff]
[ascentmarkets.com/wp-content/plugins/elementor/assets/lib/font-awesome/webfonts/fa-regular-400.ttf]
[ascentmarkets.com/wp-content/plugins/elementor/assets/lib/font-awesome/css/regular.min52d5.css]
[ascentmarkets.com/index65d2.html]
[ascentmarkets.com/wp-content/uploads/essential-addons-elementor/35bcb20ac.min513d.css]
[ascentmarkets.com/wp-content/uploads/elementor/css/post-197806.css]
[ascentmarkets.com/index5831.html]
[ascentmarkets.com/wp-content/plugins/essential-addons-for-elementor-lite/assets/admin/images/templately/logo-icon.svg]
[ascentmarkets.com/wp-content/plugins/elementor/assets/lib/font-awesome/webfonts/fa-regular-400.svg]
[ascentmarkets.com/wp-json/oembed/1.0/embed9947]
[ascentmarkets.com/2021/07/13/index.html]
[ascentmarkets.com/terms-of-service/index.html]
[ascentmarkets.com/wp-content/plugins/elementor/assets/lib/font-awesome/webfonts/fa-brands-400.eot]
[ascentmarkets.com/wp-content/plugins/elementor/assets/lib/font-awesome/webfonts/fa-brands-400d41d.eot]
[ascentmarkets.com/wp-content/plugins/elementor/assets/lib/font-awesome/webfonts/fa-brands-400.woff2]
[ascentmarkets.com/wp-content/plugins/elementor/assets/lib/font-awesome/webfonts/fa-brands-400.woff]
[ascentmarkets.com/wp-content/plugins/elementor/assets/lib/font-awesome/webfonts/fa-brands-400.ttf]
[ascentmarkets.com/wp-content/plugins/elementor/assets/lib/font-awesome/css/all.min287d.css]
[ascentmarkets.com/wp-content/plugins/elementor/assets/lib/font-awesome/css/v4-shims.min287d.css]
[ascentmarkets.com/wp-content/uploads/elementor/css/post-522e0d0.css]
[ascentmarkets.com/index28a7.html]
[ascentmarkets.com/index40a0.html]
[ascentmarkets.com/wp-content/plugins/elementor/assets/lib/font-awesome/webfonts/fa-brands-400.svg]
[ascentmarkets.com/wp-content/plugins/elementor/assets/lib/font-awesome/js/v4-shims.min287d.js]
[ascentmarkets.com/wp-content/uploads/img/bg.jpg]
[ascentmarkets.com/wp-content/uploads/essential-addons-elementor/734e5f942.minee67.css]
[ascentmarkets.com/indexcc0f.html]
[ascentmarkets.com/index6a35.html]
[ascentmarkets.com/wp-content/uploads/elementor/css/post-114a88.css]
[ascentmarkets.com/index5757.html]
[ascentmarkets.com/wp-content/uploads/elementor/css/post-327cf4.css]
[ascentmarkets.com/wp-json/wp/v2/pages/32.json]
[ascentmarkets.com/wp-json/oembed/1.0/embed6dbc.json]
[ascentmarkets.com/risk-disclosure/index.html]
[ascentmarkets.com/wp-json/oembed/1.0/embedde98]
[ascentmarkets.com/wp-content/uploads/elementor/css/post-44c27c.css]
[ascentmarkets.com/wp-json/wp/v2/pages/44.json]
[ascentmarkets.com/wp-json/oembed/1.0/embed0bfe.json]
[ascentmarkets.com/order-execution-policy/index.html]
[ascentmarkets.com/wp-json/oembed/1.0/embedb4fa]
[ascentmarkets.com/wp-content/uploads/elementor/css/post-423e55.css]
[ascentmarkets.com/wp-json/wp/v2/pages/42.json]
[ascentmarkets.com/wp-json/oembed/1.0/embed83eb.json]
[ascentmarkets.com/complaint-handling/index.html]
[ascentmarkets.com/wp-json/oembed/1.0/embedeb3c]
[ascentmarkets.com/wp-content/uploads/essential-addons-elementor/734e5f942.min581b.css]
[ascentmarkets.com/wp-content/uploads/elementor/css/post-38973c.css]
[ascentmarkets.com/wp-json/wp/v2/pages/38.json]
[ascentmarkets.com/wp-json/oembed/1.0/embed0350.json]
[ascentmarkets.com/wp-json/oembed/1.0/embedf6cb]
[apis.google.com/js/platform581b.js]
[ascentmarkets.com/conflict-of-interest/index.html]
[ascentmarkets.com/wp-content/uploads/elementor/css/post-407f5a.css]
[ascentmarkets.com/wp-content/uploads/essential-addons-elementor/734e5f942.min581b.js]
[ascentmarkets.com/wp-json/wp/v2/pages/40.json]
[ascentmarkets.com/wp-json/oembed/1.0/embed0a22.json]
[ascentmarkets.com/summary-of-important-tc/index.html]
[ascentmarkets.com/wp-json/oembed/1.0/embed4c95]
[ascentmarkets.com/wp-content/uploads/essential-addons-elementor/734e5f942.min7994.css]
[ascentmarkets.com/wp-content/uploads/elementor/css/post-26167994.css]
[ascentmarkets.com/wp-json/wp/v2/pages/2616.json]
[ascentmarkets.com/wp-json/oembed/1.0/embedb5c8.json]
[ascentmarkets.com/wp-json/oembed/1.0/embedce63]
[apis.google.com/js/platform7994.js]
[ascentmarkets.com/kyc-policy/index.html]
[ascentmarkets.com/wp-content/uploads/elementor/css/post-34caf3.css]
[ascentmarkets.com/wp-content/uploads/essential-addons-elementor/734e5f942.min7994.js]
[ascentmarkets.com/wp-json/wp/v2/pages/34.json]
[ascentmarkets.com/wp-json/oembed/1.0/embedd1c0.json]
[ascentmarkets.com/aml-policy/index.html]
[ascentmarkets.com/wp-json/oembed/1.0/embed5067]
[ascentmarkets.com/wp-content/uploads/elementor/css/post-39a85.css]
[ascentmarkets.com/privacy-policy/feed/index.html]
[ascentmarkets.com/wp-json/wp/v2/pages/3.json]
[ascentmarkets.com/wp-json/oembed/1.0/embedc97a.json]
[ascentmarkets.com/wp-json/oembed/1.0/embed522c]
[ascentmarkets.com/privacy-policy/index.html]
[ascentmarkets.com/wp-content/uploads/essential-addons-elementor/734e5f942.min317d.css]
[ascentmarkets.com/wp-content/uploads/elementor/css/post-36e278.css]
[ascentmarkets.com/wp-json/wp/v2/pages/36.json]
[ascentmarkets.com/wp-json/oembed/1.0/embed709b.json]
[ascentmarkets.com/wp-json/oembed/1.0/embed4d0c]
[apis.google.com/js/platform317d.js]
[ascentmarkets.com/bonus-terms-and-conditions/index.html]
[ascentmarkets.com/wp-content/uploads/essential-addons-elementor/734e5f942.min317d.js]
[ascentmarkets.com/wp-content/uploads/elementor/css/post-10950359.css]
[ascentmarkets.com/wp-json/wp/v2/pages/1095.json]
[ascentmarkets.com/wp-json/oembed/1.0/embede2a4.json]
[ascentmarkets.com/risk-free-trade/index.html]
[ascentmarkets.com/wp-content/uploads/essential-addons-elementor/734e5f942.minb27d.css]
[ascentmarkets.com/index970c.html]
[ascentmarkets.com/wp-content/uploads/essential-addons-elementor/734e5f942.minb1f6.css]
[ascentmarkets.com/index9cd7.html]
[ascentmarkets.com/wp-content/uploads/essential-addons-elementor/734e5f942.mined65.css]
[ascentmarkets.com/index1c4a.html]
[ascentmarkets.com/wp-json/oembed/1.0/embed3fe4]
[ascentmarkets.com/wp-includes/css/dashicons.minf658.css]
[ascentmarkets.com/wp-includes/css/buttons.minf658.css]
[ascentmarkets.com/wp-admin/css/forms.minf658.css]
[ascentmarkets.com/wp-admin/css/l10n.minf658.css]
[ascentmarkets.com/wp-admin/css/login.minf658.css]
[ascentmarkets.com/wp-includes/js/zxcvbn-async.min5152.js]
[ascentmarkets.com/wp-includes/js/dist/vendor/regenerator-runtime.minb36a.js]
[ascentmarkets.com/hot/indexc2b6.html]
[ascentmarkets.com/wp-includes/js/dist/vendor/wp-polyfill.min2c7c.js]
[ascentmarkets.com/wp-includes/js/dist/hooks.mine16b.js]
[ascentmarkets.com/wp-includes/js/dist/i18n.min71a7.js]
[ascentmarkets.com/wp-admin/js/password-strength-meter.minf658.js]
[ascentmarkets.com/wp-includes/js/underscore.min0028.js]
[ascentmarkets.com/wp-includes/js/wp-util.minf658.js]
[ascentmarkets.com/hot/index.html]
[ascentmarkets.com/wp-admin/js/user-profile.minf658.js]
[ascentmarkets.com/wp-content/plugins/simple-floating-menu/assets/css/fonts/fontawesome/fa-brands-400.svg]
[ascentmarkets.com/wp-content/plugins/simple-floating-menu/assets/css/fonts/fontawesome/fa-regular-400.svg]
[ascentmarkets.com/wp-content/plugins/simple-floating-menu/assets/css/fonts/fontawesome/fa-solid-900.svg]
[ascentmarkets.com/wp-content/plugins/simple-floating-menu/assets/css/fonts/eleganticons/ElegantIcons.svg]
[ascentmarkets.com/wp-content/plugins/simple-floating-menu/assets/css/fonts/icofont/icofont.woff2]
[ascentmarkets.com/wp-content/plugins/simple-floating-menu/assets/css/fonts/icofont/icofont.woff]
[ascentmarkets.com/wp-content/plugins/simple-floating-menu/assets/css/fonts/flaticon/Flaticon.ttf]
[ascentmarkets.com/wp-content/plugins/simple-floating-menu/assets/css/fonts/flaticon/Flaticon.svg]
[ascentmarkets.com/wp-content/plugins/simple-floating-menu/assets/css/fonts/materialdesignicons/materialdesignicons-webfontb43a.svg]
[ascentmarkets.com/wp-content/plugins/elementor/assets/lib/eicons/fonts/eicons02d6.svg]
[ascentmarkets.com/wp-content/plugins/massive-cryptocurrency-widgets/assets/public/fonts/massive-crypto9e36.svg]
[ascentmarkets.com/wp-content/plugins/massive-cryptocurrency-widgets/assets/public/img/sort_asc_disabled.png]
[ascentmarkets.com/wp-content/plugins/massive-cryptocurrency-widgets/assets/public/img/sort_desc_disabled.png]
[ascentmarkets.com/wp-content/plugins/elementor/assets/lib/font-awesome/webfonts/fa-solid-900.svg]
[ascentmarkets.com/xmlrpc0db0.html]
[ascentmarkets.com/wp-content/uploads/elementor/css/post-7174cb.css]
[ascentmarkets.com/index6cf3.html]
[ascentmarkets.com/wp-content/uploads/elementor/css/post-839de1.css]
[ascentmarkets.com/index55e4.html]
[ascentmarkets.com/wp-content/uploads/elementor/css/post-46fa21.css]
[ascentmarkets.com/index7ea6.html]
[ascentmarkets.com/wp-content/uploads/elementor/css/post-50951a.css]
[ascentmarkets.com/index6aed.html]
[ascentmarkets.com/wp-content/uploads/elementor/css/post-4873f0.css]
[ascentmarkets.com/index94b0.html]
[ascentmarkets.com/wp-content/uploads/elementor/css/post-527c9a.css]
[ascentmarkets.com/index4579.html]
[ascentmarkets.com/wp-content/uploads/2021/07/bg-account-type.jpg]
[ascentmarkets.com/wp-content/uploads/elementor/css/post-605704.css]
[ascentmarkets.com/index0721.html]
[ascentmarkets.com/wp-content/plugins/builder-responsive-pricing-tables/assets/fonts/font-awesome/fontawesome-webfont3e6e.svg]
[ascentmarkets.com/wp-content/plugins/builder-responsive-pricing-tables/assets/fonts/Montserrat/montserrat-regular-webfont.svg]
[ascentmarkets.com/wp-content/plugins/builder-responsive-pricing-tables/assets/fonts/Montserrat/montserrat-light-webfont.svg]
[ascentmarkets.com/wp-content/plugins/elementor/assets/lib/font-awesome/webfonts/fa-regular-400.svg]
[ascentmarkets.com/2021/07/13/index.html]
[ascentmarkets.com/wp-content/plugins/essential-addons-for-elementor-lite/assets/admin/images/templately/logo-icon.svg]
[ascentmarkets.com/wp-content/uploads/elementor/css/post-13a053.css]
[ascentmarkets.com/wp-json/wp/v2/pages/13.json]
[ascentmarkets.com/wp-json/oembed/1.0/embed68de.json]
[ascentmarkets.com/terms-of-service/index.html]
[ascentmarkets.com/wp-content/plugins/elementor/assets/lib/font-awesome/webfonts/fa-brands-400.svg]
[ascentmarkets.com/contact-us/index.html]
[ascentmarkets.com/wp-content/uploads/img/bg.html]
[ascentmarkets.com/wp-json/oembed/1.0/embed5353]
[ascentmarkets.com/wp-content/uploads/2021/08/bg-legal.jpg]
[ascentmarkets.com/wp-content/uploads/elementor/css/post-327cf4.css]
[ascentmarkets.com/index6c46.html]
[ascentmarkets.com/wp-content/uploads/elementor/css/post-44c27c.css]
[ascentmarkets.com/index49b1.html]
[ascentmarkets.com/wp-content/uploads/elementor/css/post-423e55.css]
[ascentmarkets.com/indexfbd5.html]
[ascentmarkets.com/wp-content/uploads/essential-addons-elementor/734e5f942.min581b.css]
[ascentmarkets.com/wp-content/uploads/elementor/css/post-38973c.css]
[ascentmarkets.com/indexb93f.html]
[ascentmarkets.com/wp-content/uploads/elementor/css/post-407f5a.css]
[ascentmarkets.com/index3ba0.html]
[ascentmarkets.com/wp-content/uploads/essential-addons-elementor/734e5f942.min7994.css]
[ascentmarkets.com/wp-content/uploads/elementor/css/post-26167994.css]
[ascentmarkets.com/indexb208.html]
[ascentmarkets.com/wp-content/uploads/elementor/css/post-34caf3.css]
[ascentmarkets.com/index1e7e.html]
[ascentmarkets.com/wp-content/uploads/elementor/css/post-39a85.css]
[ascentmarkets.com/index2207.html]
[ascentmarkets.com/wp-content/uploads/essential-addons-elementor/734e5f942.min317d.css]
[ascentmarkets.com/wp-content/uploads/elementor/css/post-36e278.css]
[ascentmarkets.com/index0d0b.html]
[ascentmarkets.com/wp-content/uploads/elementor/css/post-10950359.css]
[ascentmarkets.com/index08f3.html]
[ascentmarkets.com/wp-includes/fonts/dashicons7d4b.eot]
[ascentmarkets.com/wp-includes/css/dashicons.minf658.css]
[ascentmarkets.com/wp-includes/css/buttons.minf658.css]
[ascentmarkets.com/wp-includes/fonts/dashicons7d4b.ttf]
[ascentmarkets.com/wp-admin/images/loading.gif]
[ascentmarkets.com/wp-admin/css/forms.minf658.css]
[ascentmarkets.com/wp-admin/css/l10n.minf658.css]
[ascentmarkets.com/wp-admin/images/w-logo-blue7a53.png]
[ascentmarkets.com/wp-admin/css/login.minf658.css]
[ascentmarkets.com/hot/indexc2b6.html]
[ascentmarkets.com/wp-content/plugins/simple-floating-menu/assets/css/fonts/flaticon/Flaticon.svg]
[ascentmarkets.com/wp-content/uploads/elementor/css/post-13a053.css]
[ascentmarkets.com/index2dc4.html]
[ascentmarkets.com/wp-admin/images/wordpress-logo7d6b.svg]
[ascentmarkets.com/wp-admin/images/wordpress-logo7d6b.svg]
[ascentmarkets.com/xmlrpc.html]
